
9552671595

Maven
=============
maven build/project mangement tool

Maven Project Execution
=========================
1. using pom.xml
2.using CLI
=============
download maven on local machine
https://maven.apache.org/download.cgi

3.using jenkins

setup
============
1.Plugins
========
1.compiler plugin
https://maven.apache.org/plugins/maven-compiler-plugin/
2.SurefirePlugin
https://maven.apache.org/surefire/maven-surefire-plugin/

2.Goals to execute maven
===========================
Goals (Actions)

1.clean
=============
To delete reports from targer folder

2.test
=============
To test project 

3.install
==============
installation of required files + test

https://maven.apache.org/guides/index.html



Git merge Issue resolve and added crmbranch to master
==============================================
Ganes@LAPTOP-5KMFOFH9 MINGW64 ~/OneDrive/Desktop/StarAgile/JavaSA19/AutomationDevops3014 (master)
$ git merge -m "merge from CRMFramework" CRMFramework
Already up to date.

Ganes@LAPTOP-5KMFOFH9 MINGW64 ~/OneDrive/Desktop/StarAgile/JavaSA19/AutomationDevops3014 (master)
$ git push -u origin master
To github.com:PriyankaNigade18/Automation3014DevRestAppium.git
 ! [rejected]        master -> master (non-fast-forward)
error: failed to push some refs to 'github.com:PriyankaNigade18/Automation3014DevRestAppium.git'
hint: Updates were rejected because the tip of your current branch is behind
hint: its remote counterpart. Integrate the remote changes (e.g.
hint: 'git pull ...') before pushing again.
hint: See the 'Note about fast-forwards' in 'git push --help' for details.

Ganes@LAPTOP-5KMFOFH9 MINGW64 ~/OneDrive/Desktop/StarAgile/JavaSA19/AutomationDevops3014 (master)
$ git fetch origin

Ganes@LAPTOP-5KMFOFH9 MINGW64 ~/OneDrive/Desktop/StarAgile/JavaSA19/AutomationDevops3014 (master)
$ git rebase origin/master
warning: unable to rmdir 'Automation3014DevRestAppium': Directory not empty
Successfully rebased and updated refs/heads/master.

git rebase
================
The git rebase command in Git is used to integrate changes from one branch onto another.
 It allows you to apply a sequence of commits from one branch to another branch,
  effectively rewriting the commit history.

Ganes@LAPTOP-5KMFOFH9 MINGW64 ~/OneDrive/Desktop/StarAgile/JavaSA19/AutomationDevops3014 (master)
$ git push origin master
Enumerating objects: 168, done.
Counting objects: 100% (168/168), done.
Delta compression using up to 12 threads
Compressing objects: 100% (147/147), done.
Writing objects: 100% (167/167), 72.25 KiB | 389.00 KiB/s, done.
Total 167 (delta 64), reused 0 (delta 0), pack-reused 0
remote: Resolving deltas: 100% (64/64), done.
To github.com:PriyankaNigade18/Automation3014DevRestAppium.git
   707207f..9271793  master -> master

Ganes@LAPTOP-5KMFOFH9 MINGW64 ~/OneDrive/Desktop/StarAgile/JavaSA19/AutomationDevops3014 (master)
$










